[zeefolio.local/index.html]
[backblue.gif]
[fade.gif]
[index.html]
[zeefolio.local/wp-content/themes/astra/assets/css/minified/main.mina94e.css]
[zeefolio.local/wp-includes/css/dist/block-library/style.min1e39.css]
[zeefolio.local/wp-content/uploads/astra-addon/astra-addon-6555c6f209cfd3-43115216474a.css]
[zeefolio.local/wp-content/plugins/elementor/assets/lib/eicons/css/elementor-icons.min192d.css]
[zeefolio.local/feed/index.html]
[zeefolio.local/comments/feed/index.html]
[zeefolio.local/wp-content/plugins/elementor/assets/css/frontend-lite.min8864.css]
[zeefolio.local/wp-content/plugins/elementor/assets/lib/swiper/v8/css/swiper.min94a4.css]
[zeefolio.local/wp-content/uploads/elementor/css/post-96f97.css]
[zeefolio.local/wp-content/plugins/pro-elements/assets/css/frontend-lite.min5d63.css]
[zeefolio.local/wp-content/plugins/ultimate-elementor/assets/min-css/uael-frontend.min724b.css]
[zeefolio.local/wp-content/plugins/wpforms/assets/css/frontend/classic/wpforms-base.mindbb5.css]
[zeefolio.local/wp-includes/js/jquery/jquery.minf43b.js]
[zeefolio.local/wp-includes/js/jquery/jquery-migrate.min5589.js]
[zeefolio.local/xmlrpc0db0.php]
[zeefolio.local/wp-json/index.html]
[zeefolio.local/wp-json/oembed/1.0/embed720f.json]
[zeefolio.local/wp-json/oembed/1.0/embedec67]
[zeefolio.local/wp-content/uploads/2023/11/cropped-logo-1-120x120.png]
[zeefolio.local/wp-content/uploads/2023/11/Screenshot-2023-11-16-140607.png]
[zeefolio.local/wp-content/uploads/2023/11/Screenshot-2023-11-16-140854.png]
[zeefolio.local/wp-content/uploads/2023/11/Screenshot-2023-11-16-140517-1024x573.png]
[zeefolio.local/about/index.html]
[zeefolio.local/wp-content/uploads/2023/11/Screenshot-2023-11-16-131200.png]
[zeefolio.local/portfolio/index.html]
[zeefolio.local/wp-content/uploads/2023/11/Screenshot-2023-11-16-134433-1024x594.png]
[zeefolio.local/wp-content/uploads/2023/11/Screenshot-607-e1700124480103-1024x531.png]
[zeefolio.local/services/index.html]
[zeefolio.local/resume/index.html]
[zeefolio.local/wp-content/uploads/2023/11/Screenshot-2023-11-16-135021.png]
[zeefolio.local/contact/index.html]
[zeefolio.local/wp-content/uploads/2023/11/Screenshot-2023-11-16-135202.png]
[zeefolio.local/wp-content/uploads/2023/11/Screenshot-2023-11-16-135535.png]
[zeefolio.local/wp-content/themes/astra/assets/js/minified/frontend.mina94e.js]
[zeefolio.local/wp-content/uploads/astra-addon/astra-addon-6555c6f20ac830-48043394474a.js]
[zeefolio.local/wp-content/plugins/ultimate-elementor/assets/min-js/uael-frontend.min724b.js]
[zeefolio.local/wp-content/plugins/ultimate-elementor/assets/lib/typed/typed.min724b.js]
[zeefolio.local/wp-content/plugins/ultimate-elementor/assets/lib/rvticker/rvticker.min724b.js]
[zeefolio.local/wp-content/plugins/pro-elements/assets/js/webpack-pro.runtime.min5d63.js]
[zeefolio.local/wp-content/plugins/elementor/assets/js/webpack.runtime.min8864.js]
[zeefolio.local/wp-content/plugins/elementor/assets/js/frontend-modules.min8864.js]
[zeefolio.local/wp-includes/js/dist/vendor/wp-polyfill-inert.min0226.js]
[zeefolio.local/wp-includes/js/dist/vendor/regenerator-runtime.min6c85.js]
[zeefolio.local/wp-includes/js/dist/vendor/wp-polyfill.min2c7c.js]
[zeefolio.local/wp-includes/js/dist/hooks.min2ebd.js]
[zeefolio.local/wp-includes/js/dist/i18n.minf92f.js]
[zeefolio.local/wp-content/plugins/pro-elements/assets/js/frontend.min5d63.js]
[zeefolio.local/wp-content/plugins/elementor/assets/lib/waypoints/waypoints.min05da.js]
[zeefolio.local/wp-includes/js/jquery/ui/core.min3f14.js]
[zeefolio.local/wp-content/plugins/elementor/assets/js/frontend.min8864.js]
[zeefolio.local/wp-content/plugins/pro-elements/assets/js/elements-handlers.min5d63.js]
[zeefolio.local/wp-includes/js/underscore.mind584.js]
[zeefolio.local/wp-includes/js/wp-util.min1e39.js]
[zeefolio.local/wp-content/plugins/wpforms/assets/js/integrations/elementor/frontend.mindbb5.js]
[zeefolio.local/wp-content/plugins/wpforms/assets/lib/jquery.validate.min7e9d.js]
[zeefolio.local/wp-content/plugins/wpforms/assets/lib/mailcheck.mincfa9.js]
[zeefolio.local/wp-content/plugins/wpforms/assets/lib/punycode.min8a54.js]
[zeefolio.local/wp-content/plugins/wpforms/assets/js/utils.mindbb5.js]
[zeefolio.local/wp-content/plugins/wpforms/assets/js/wpforms.mindbb5.js]
[zeefolio.local/index.html]
[zeefolio.local/wp-content/themes/astra/assets/css/minified/main.mina94e.css]
[zeefolio.local/wp-includes/css/dist/block-library/style.min1e39.css]
[zeefolio.local/wp-content/uploads/astra-addon/astra-addon-6555c6f209cfd3-43115216474a.css]
[zeefolio.local/wp-content/plugins/elementor/assets/lib/eicons/fonts/eicons9506.eot]
[zeefolio.local/wp-content/plugins/elementor/assets/lib/eicons/fonts/eicons9506.woff2]
[zeefolio.local/wp-content/plugins/elementor/assets/lib/eicons/fonts/eicons9506.woff]
[zeefolio.local/wp-content/plugins/elementor/assets/lib/eicons/fonts/eicons9506.ttf]
[zeefolio.local/wp-content/plugins/elementor/assets/lib/eicons/css/elementor-icons.min192d.css]
[zeefolio.local/wp-content/plugins/elementor/assets/css/frontend-lite.min8864.css]
[zeefolio.local/wp-content/plugins/elementor/assets/lib/swiper/v8/css/swiper.min94a4.css]
[zeeshan.axonteam.pk/wp-content/uploads/2023/03/bg-01.png]
[zeefolio.local/wp-content/uploads/elementor/css/post-96f97.css]
[zeefolio.local/wp-content/plugins/pro-elements/assets/css/frontend-lite.min5d63.css]
[zeefolio.local/wp-content/plugins/ultimate-elementor/assets/min-css/uael-frontend.min724b.css]
[zeefolio.local/wp-content/plugins/wpforms/assets/css/frontend/classic/wpforms-base.mindbb5.css]
[zeefolio.local/wp-content/uploads/elementor/css/post-170cbc.css]
[zeefolio.local/wp-includes/js/jquery/jquery.minf43b.js]
[zeefolio.local/wp-includes/js/jquery/jquery-migrate.min5589.js]
[zeefolio.local/wp-json/wp/v2/pages/17]
[zeefolio.local/wp-content/uploads/elementor/css/post-112ec5.css]
[zeefolio.local/wp-json/wp/v2/pages/11.json]
[zeefolio.local/wp-json/oembed/1.0/embed76b4.json]
[zeefolio.local/about/index.html]
[zeefolio.local/wp-json/oembed/1.0/embeda3f2]
[zeefolio.local/wp-content/uploads/elementor/css/post-389a5d5.css]
[zeefolio.local/wp-json/wp/v2/pages/389.json]
[zeefolio.local/wp-json/oembed/1.0/embedc32f.json]
[zeefolio.local/wp-content/uploads/2023/11/Screenshot-2023-11-16-140517.png]
[zeefolio.local/wp-json/oembed/1.0/embede280]
[zeefolio.local/wp-content/uploads/2023/11/Screenshot-2023-11-16-134433.png]
[zeefolio.local/wp-content/uploads/2023/11/Screenshot-607-e1700124480103.png]
[zeefolio.local/wp-content/uploads/2023/11/Screenshot-2023-11-16-141052.png]
[zeefolio.local/wp-content/plugins/ultimate-elementor/assets/lib/isotope/isotope.min724b.js]
[zeefolio.local/wp-includes/js/imagesloaded.minbb93.js]
[zeefolio.local/wp-content/plugins/ultimate-elementor/assets/lib/slick/slick.min724b.js]
[zeefolio.local/wp-content/plugins/ultimate-elementor/assets/lib/jquery-element-resize/jquery_resize.min724b.js]
[zeefolio.local/wp-content/plugins/ultimate-elementor/assets/lib/fancybox/jquery_fancybox.min724b.js]
[zeefolio.local/wp-content/plugins/ultimate-elementor/assets/lib/justifiedgallery/justifiedgallery.min724b.js]
[zeefolio.local/portfolio/index.html]
[zeefolio.local/wp-content/uploads/elementor/css/post-23fdbb.css]
[zeefolio.local/wp-json/wp/v2/pages/23.json]
[zeefolio.local/wp-json/oembed/1.0/embed2a75.json]
[zeefolio.local/wp-json/oembed/1.0/embed84f9]
[zeefolio.local/services/index.html]
[zeefolio.local/wp-content/uploads/elementor/css/post-210d1a.css]
[zeefolio.local/wp-json/wp/v2/pages/21.json]
[zeefolio.local/wp-json/oembed/1.0/embed82de.json]
[zeefolio.local/wp-json/oembed/1.0/embedbc59]
[zeefolio.local/resume/index.html]
[zeefolio.local/wp-content/uploads/elementor/css/post-15bd86.css]
[zeefolio.local/wp-json/wp/v2/pages/15.json]
[zeefolio.local/wp-json/oembed/1.0/embed9bda.json]
[zeefolio.local/wp-json/oembed/1.0/embed9777]
[zeefolio.local/wp-content/plugins/ultimate-elementor/assets/min-js/uael-google-map.min724b.js]
[developers.google.com/maps/documentation/javascript/examples/markerclusterer/markerclusterer724b.js]
[zeefolio.local/contact/index.html]
[zeefolio.local/wp-content/plugins/astra-addon/addons/nav-menu/assets/css/minified/magamenu-frontend.min474a.css]
[zeefolio.local/wp-content/themes/astra/assets/js/minified/frontend.mina94e.js]
[zeefolio.local/wp-content/uploads/astra-addon/astra-addon-6555c6f20ac830-48043394474a.js]
[zeefolio.local/wp-content/plugins/ultimate-elementor/assets/min-js/uael-frontend.min724b.js]
[zeefolio.local/wp-content/plugins/ultimate-elementor/assets/lib/typed/typed.min724b.js]
[connect.facebook.net/en_US/sdk.js]
[zeefolio.local/wp-content/plugins/ultimate-elementor/assets/lib/rvticker/rvticker.min724b.js]
[zeefolio.local/wp-content/plugins/pro-elements/assets/js/webpack-pro.runtime.min5d63.js]
[zeefolio.local/wp-content/plugins/elementor/assets/js/webpack.runtime.min8864.js]
[zeefolio.local/wp-content/plugins/elementor/assets/js/frontend-modules.min8864.js]
[zeefolio.local/wp-includes/js/dist/vendor/wp-polyfill-inert.min0226.js]
[zeefolio.local/wp-includes/js/dist/vendor/regenerator-runtime.min6c85.js]
[zeefolio.local/wp-includes/js/dist/vendor/wp-polyfill.min2c7c.js]
[zeefolio.local/wp-includes/js/dist/hooks.min2ebd.js]
[zeefolio.local/wp-includes/js/dist/i18n.minf92f.js]
[zeefolio.local/wp-content/plugins/pro-elements/assets/js/frontend.min5d63.js]
[zeefolio.local/wp-content/plugins/elementor/assets/lib/waypoints/waypoints.min05da.js]
[zeefolio.local/wp-includes/js/jquery/ui/core.min3f14.js]
[zeefolio.local/-negative.svg]
[zeefolio.local/wp-content/plugins/elementor/assets/js/frontend.min8864.js]
[zeefolio.local/window.location.62.delayed]
[zeefolio.local/wp-content/plugins/pro-elements/assets/js/elements-handlers.min5d63.js]
[zeefolio.local/wp-includes/js/underscore.mind584.js]
[zeefolio.local/wp-includes/js/wp-util.min1e39.js]
[zeefolio.local/wp-content/plugins/wpforms/assets/js/integrations/elementor/frontend.mindbb5.js]
[zeefolio.local/wp-content/plugins/wpforms/assets/lib/jquery.validate.min7e9d.js]
[zeefolio.local/OPR/index.html]
[zeefolio.local/optusnet.com.au]
[zeefolio.local/com.au]
[zeefolio.local/net.au]
[zeefolio.local/wp-content/plugins/wpforms/assets/lib/mailcheck.mincfa9.js]
[zeefolio.local/wp-content/plugins/wpforms/assets/lib/punycode.min8a54.js]
[zeefolio.local/wp-content/plugins/wpforms/assets/js/utils.mindbb5.js]
[zeefolio.local/wp-content/plugins/wpforms/assets/js/wpforms.mindbb5.js]
[zeefolio.local/wp-content/plugins/elementor/assets/lib/eicons/fonts/eicons9506.svg]
[zeefolio.local/wp-content/plugins/wpforms/assets/pro/images/times-solid-white.svg]
[zeeshan.axonteam.pk/wp-content/uploads/2023/11/logo.png]
[zeefolio.local/wp-content/uploads/elementor/css/post-170cbc.css]
[zeefolio.local/wp-content/uploads/elementor/css/post-112ec5.css]
[zeefolio.local/index5757.html]
[zeefolio.local/wp-content/uploads/elementor/css/post-389a5d5.css]
[zeefolio.local/index2325.html]
[zeefolio.local/wp-content/plugins/ultimate-elementor/assets/lib/isotope/isotope.min724b.js]
[zeefolio.local/wp-includes/js/imagesloaded.minbb93.js]
[zeefolio.local/wp-content/plugins/ultimate-elementor/assets/lib/slick/slick.min724b.js]
[zeefolio.local/wp-content/plugins/ultimate-elementor/assets/lib/jquery-element-resize/jquery_resize.min724b.js]
[zeefolio.local/wp-content/plugins/ultimate-elementor/assets/lib/fancybox/jquery_fancybox.min724b.js]
[zeefolio.local/wp-content/plugins/ultimate-elementor/assets/lib/justifiedgallery/justifiedgallery.min724b.js]
[zeefolio.local/wp-content/uploads/elementor/css/post-23fdbb.css]
[zeefolio.local/index40a0.html]
[zeefolio.local/wp-content/uploads/elementor/css/post-210d1a.css]
[zeefolio.local/index3965.html]
[zeefolio.local/wp-content/uploads/elementor/css/post-15bd86.css]
[zeefolio.local/indexa1ca.html]
[zeefolio.local/wp-content/plugins/ultimate-elementor/assets/min-js/uael-google-map.min724b.js]
[zeefolio.local/wp-content/plugins/wpforms/assets/images/submit-spin.svg]
[connect.facebook.net/en_US/sdk.js]
[zeefolio.local/-negative.html]
[zeefolio.local/OPR/index.html]
[zeefolio.local/window.location.html]
[zeefolio.local/optusnet.com.html]
[zeefolio.local/com.html]
[zeefolio.local/net.html]
[zeefolio.localwp-content/plugins/elementor/assets/css/widget-icon-box.min.css]
